[    1143ms] [WARNING] An iframe which has both allow-scripts and allow-same-origin for its sandbox attribute can escape its sandboxing. @ about:blank:0
[    1192ms] [ERROR] Failed to load resource: net::ERR_TRUST_TOKEN_OPERATION_FAILED @ https://www.amazon.com/tt/i:0
[    1242ms] TypeError: Cannot read properties of undefined (reading 'jquery')
    at Object.getCarousel (https://m.media-amazon.com/images/I/11zuylp74DL._RC%7C11Y+5x+kkTL.js,518IfuPC2lL.js,115zbyk371L.js,11GgN1+C7hL.js,01+z+uIeJ-L.js,01VRMV3FBdL.js,21NadQlXUWL.js,01vRf9id2EL.js,11a7qqY8xXL.js,11aZNVRA-EL.js,51C4kaFbiAL.js,11FhdH2HZwL.js,11wb9K3sw0L.js,11BrgrMAHUL.js,11GPhx42StL.js,210X-JWUe-L.js,01Svfxfy8OL.js,61070UYoWML.js,01ikBbTAneL.js,31xywoXPfpL.js,01qXJuwGmxL.js,01WlsjNmqIL.js,11F929pmpYL.js,31Zn4S+IOkL.js,01rpauTep4L.js,31rqCOnXDNL.js,011FfPwYqHL.js,21P5VvHf-XL.js,013ncka0wXL.js,21kN0q4IA-L.js,01VvIkYCafL.js,11vb6P5C5AL.js,01NjPq-AshL.js_.js?AUIClients/AmazonUI:288:193)
    at Object.getCarousel (https://m.media-amazon.com/images/I/517f0agMn-L.js?AUIClients/CardJsRuntimeBuzzCopyBuild:79:184)
    at https://m.media-amazon.com/images/I/31+91h+b1cL.js?xcp:25:378
    at d (https://m.media-amazon.com/images/I/517f0agMn-L.js?AUIClients/CardJsRuntimeBuzzCopyBuild:55:83)
    at Object.next (https://m.media-amazon.com/images/I/517f0agMn-L.js?AUIClients/CardJsRuntimeBuzzCopyBuild:53:369)
    at https://m.media-amazon.com/images/I/517f0agMn-L.js?AUIClients/CardJsRuntimeBuzzCopyBuild:53:302
    at new Promise (<anonymous>)
    at Object.u [as __awaiter] (https://m.media-amazon.com/images/I/517f0agMn-L.js?AUIClients/CardJsRuntimeBuzzCopyBuild:53:95)
    at da (https://m.media-amazon.com/images/I/31+91h+b1cL.js?xcp:25:190)
    at https://m.media-amazon.com/images/I/31+91h+b1cL.js?xcp:24:386
[    1743ms] [ERROR] A bad HTTP response code (404) was received when fetching the script. @ :0
[    1769ms] [ERROR] Error logged with the Track&Report JS errors API(http://tiny/1covqr6l8/wamazindeClieUserJava): {"m":"[AUI SW] Failed to register service worker: Failed to register a ServiceWorker for scope ('https://read.amazon.com/') with script ('https://read.amazon.com/service-worker.js'): A bad HTTP response code (404) was received when fetching the script.","name":"TypeError","csm":"v5 ueLogError stack","logLevel":"ERROR","attribution":"RetailPageServiceWorker","pageURL":"https://read.amazon.com/sample/B0GB5S4T8Q?f=1&l=en_US&r=9d767905&rid=B9KNEBGJFDYR69ETQ8DE&sid=142-7729940-5820208&ref_=litb_d","s":["TypeError: Failed to register a ServiceWorker for scope ('https://read.amazon.com/') with script ('https://read.amazon.com/service-worker.js'): A bad HTTP response code (404) was received when fetching the script."],"t":332} {m: [AUI SW] Failed to register service worker: Failed…code (404) was received when fetching the script., name: TypeError, type: undefined, csm: v5 ueLogError stack, logLevel: ERROR} @ https://images-na.ssl-images-amazon.com/images/I/215h87l68bL.js:3
[    1808ms] [INFO] LITB: initializeI18n:i18next object initialised successfully. @ https://d3fpmv3m8wlug6.cloudfront.net/assets/litbDesktop.3b2af08997e9de55aa98.min.js:1
[    1880ms] [ERROR] Failed to load resource: the server responded with a status of 404 () @ https://read.amazon.com/hz/rhf?currentPageType=LitbHorizonte&currentSubPageType=Sample&excludeAsin=B0GB5S4T8Q&fieldKeywords=&k=&keywords=&search=&auditEnabled=&previewCampaigns=&forceWidgets=&searchAlias=&cardJSPresent=true:0
[    2326ms] [WARNING] [Ionicons Warning]: Could not load icon with name "close-sharp". Ensure that the icon is registered using addIcons or that the icon SVG data is passed directly to the icon component. JSHandle@node @ https://d3fpmv3m8wlug6.cloudfront.net/assets/litbDesktop.3b2af08997e9de55aa98.min.js:1
[    2327ms] [WARNING] [Ionicons Warning]: Could not load icon with name "close-sharp". Ensure that the icon is registered using addIcons or that the icon SVG data is passed directly to the icon component. JSHandle@node @ https://d3fpmv3m8wlug6.cloudfront.net/assets/litbDesktop.3b2af08997e9de55aa98.min.js:1
[    2695ms] [ERROR] Failed to load resource: the server responded with a status of 404 () @ https://read.amazon.com/rd/uedata?rid=JB7TD9TBSQSHZ49WV911&sid=142-7729940-5820208&rx=iDJuGxOz+Pbx6yFuzGXjJVnH1o1uD3YaiEF7n4x4fcY:0
[    3318ms] [ERROR] Error logged with the Track&Report JS errors API(http://tiny/1covqr6l8/wamazindeClieUserJava): {"m":"ARA:RegisterTriggerResponseError:DPV. Error receiving response from ARAServiceFailed to execute 'json' on 'Response': Unexpected end of JSON input","name":"SyntaxError","csm":"v5 ueLogError stack","logLevel":"ERROR","attribution":"ARARegisterTrigger","pageURL":"https://www.amazon.com/Portal-Door-Time-Remembering-ebook/dp/B0GB5S4T8Q/ref=sr_1_1?crid=GFFAEDKC30Y6&dib=eyJ2IjoiMSJ9.9Uvfmk11L-HqZOvB7qIVBtr-du2Ns_P2tnLP4FpA1WVNtybSwZNm6Hxym0OcjasyIqzL1Dn9XGJRJuOJ5qpZfPqZL1YtfPgwVcz15d5W1O9jWBYb441TGgA9Uf4DFf-Ak0KFfdNTEhQumJgr64ZAiNfVKHPRSSrDrcUdQAsKDuTVKv8K1z_KiEMGpyUGsXWqJ9beFt8aOSe6wcDrYDNpr8zLIhnW82_S30Vu6f3Ooa4.Nmt3kjZuDx9-auzV_gNkzlRekC25SCdjTjQyND1yBgI&dib_tag=se&keywords=the+portal+door&qid=1775861866&s=books&sprefix=the+portal+door%2Cstripbooks-intl-ship%2C173&sr=1-1&asin=B0GB5S4T8Q&revisionId=9d767905&format=3&depth=1","f":"https://m.media-amazon.com/images/I/21vARlfe4pL._RC%7C11WTF6kPMoL.js_.js?AUIClients/ARARegisterTriggerSubAssets-dpv","l":"7","s":["SyntaxError: Unexpected end of JSON input","at https://m.media-amazon.com/images/I/21vARlfe4pL._RC%7C11WTF6kPMoL.js_.js?AUIClients/ARARegisterTriggerSubAssets-dpv:7:384"],"t":3317} {m: ARA:RegisterTriggerResponseError:DPV. Error receiv…json' on 'Response': Unexpected end of JSON input, name: SyntaxError, type: undefined, csm: v5 ueLogError stack, logLevel: ERROR} @ https://images-na.ssl-images-amazon.com/images/I/215h87l68bL.js:3
[    4305ms] [ERROR] Failed to load resource: the server responded with a status of 404 () @ https://read.amazon.com/rd/uedata?rid=JB7TD9TBSQSHZ49WV911&sid=142-7729940-5820208&rx=5tD8818sd/ShfylMPMhMbA:0
[    5590ms] [ERROR] {m: All supported clients failed, attribution: CSMSushiClient_TRANSPORTATION_FAIL, f: sushi-client.js, logLevel: ERROR} @ https://d3fpmv3m8wlug6.cloudfront.net/assets/litbDesktop.3b2af08997e9de55aa98.min.js:1
